10:42:15 **** Build of configuration Debug for project Portage Reveil matrice ****
make -j16 all 
arm-none-eabi-gcc "../Drivers/STM32L4xx_HAL_Driver/Src/stm32l4xx_hal.c" -mcpu=cortex-m4 -std=gnu11 -g3 -DDEBUG -DUSE_HAL_DRIVER -DSTM32L432xx -c -I../Core/Inc -I"C:/Users/alyvasseur/Education Vaud/ETML_FLO-22-24_Teams - Vasseur/MicroControleur/Rainbow-Reveil/STM32/Portage Reveil matrice/Core/Library/Inc" -I"C:/Users/alyvasseur/Education Vaud/ETML_FLO-22-24_Teams - Vasseur/MicroControleur/Rainbow-Reveil/STM32/Portage Reveil matrice/Core/Library/Src" -I../Drivers/STM32L4xx_HAL_Driver/Inc -I../Drivers/STM32L4xx_HAL_Driver/Inc/Legacy -I../Drivers/CMSIS/Device/ST/STM32L4xx/Include -I../Drivers/CMSIS/Include -O0 -ffunction-sections -fdata-sections -Wall -fstack-usage -fcyclomatic-complexity -MMD -MP -MF"Drivers/STM32L4xx_HAL_Driver/Src/stm32l4xx_hal.d" -MT"Drivers/STM32L4xx_HAL_Driver/Src/stm32l4xx_hal.o" --specs=nano.specs -mfpu=fpv4-sp-d16 -mfloat-abi=hard -mthumb -o "Drivers/STM32L4xx_HAL_Driver/Src/stm32l4xx_hal.o"
arm-none-eabi-gcc "../Drivers/STM32L4xx_HAL_Driver/Src/stm32l4xx_hal_adc.c" -mcpu=cortex-m4 -std=gnu11 -g3 -DDEBUG -DUSE_HAL_DRIVER -DSTM32L432xx -c -I../Core/Inc -I"C:/Users/alyvasseur/Education Vaud/ETML_FLO-22-24_Teams - Vasseur/MicroControleur/Rainbow-Reveil/STM32/Portage Reveil matrice/Core/Library/Inc" -I"C:/Users/alyvasseur/Education Vaud/ETML_FLO-22-24_Teams - Vasseur/MicroControleur/Rainbow-Reveil/STM32/Portage Reveil matrice/Core/Library/Src" -I../Drivers/STM32L4xx_HAL_Driver/Inc -I../Drivers/STM32L4xx_HAL_Driver/Inc/Legacy -I../Drivers/CMSIS/Device/ST/STM32L4xx/Include -I../Drivers/CMSIS/Include -O0 -ffunction-sections -fdata-sections -Wall -fstack-usage -fcyclomatic-complexity -MMD -MP -MF"Drivers/STM32L4xx_HAL_Driver/Src/stm32l4xx_hal_adc.d" -MT"Drivers/STM32L4xx_HAL_Driver/Src/stm32l4xx_hal_adc.o" --specs=nano.specs -mfpu=fpv4-sp-d16 -mfloat-abi=hard -mthumb -o "Drivers/STM32L4xx_HAL_Driver/Src/stm32l4xx_hal_adc.o"
arm-none-eabi-gcc "../Drivers/STM32L4xx_HAL_Driver/Src/stm32l4xx_hal_adc_ex.c" -mcpu=cortex-m4 -std=gnu11 -g3 -DDEBUG -DUSE_HAL_DRIVER -DSTM32L432xx -c -I../Core/Inc -I"C:/Users/alyvasseur/Education Vaud/ETML_FLO-22-24_Teams - Vasseur/MicroControleur/Rainbow-Reveil/STM32/Portage Reveil matrice/Core/Library/Inc" -I"C:/Users/alyvasseur/Education Vaud/ETML_FLO-22-24_Teams - Vasseur/MicroControleur/Rainbow-Reveil/STM32/Portage Reveil matrice/Core/Library/Src" -I../Drivers/STM32L4xx_HAL_Driver/Inc -I../Drivers/STM32L4xx_HAL_Driver/Inc/Legacy -I../Drivers/CMSIS/Device/ST/STM32L4xx/Include -I../Drivers/CMSIS/Include -O0 -ffunction-sections -fdata-sections -Wall -fstack-usage -fcyclomatic-complexity -MMD -MP -MF"Drivers/STM32L4xx_HAL_Driver/Src/stm32l4xx_hal_adc_ex.d" -MT"Drivers/STM32L4xx_HAL_Driver/Src/stm32l4xx_hal_adc_ex.o" --specs=nano.specs -mfpu=fpv4-sp-d16 -mfloat-abi=hard -mthumb -o "Drivers/STM32L4xx_HAL_Driver/Src/stm32l4xx_hal_adc_ex.o"
arm-none-eabi-gcc "../Drivers/STM32L4xx_HAL_Driver/Src/stm32l4xx_hal_cortex.c" -mcpu=cortex-m4 -std=gnu11 -g3 -DDEBUG -DUSE_HAL_DRIVER -DSTM32L432xx -c -I../Core/Inc -I"C:/Users/alyvasseur/Education Vaud/ETML_FLO-22-24_Teams - Vasseur/MicroControleur/Rainbow-Reveil/STM32/Portage Reveil matrice/Core/Library/Inc" -I"C:/Users/alyvasseur/Education Vaud/ETML_FLO-22-24_Teams - Vasseur/MicroControleur/Rainbow-Reveil/STM32/Portage Reveil matrice/Core/Library/Src" -I../Drivers/STM32L4xx_HAL_Driver/Inc -I../Drivers/STM32L4xx_HAL_Driver/Inc/Legacy -I../Drivers/CMSIS/Device/ST/STM32L4xx/Include -I../Drivers/CMSIS/Include -O0 -ffunction-sections -fdata-sections -Wall -fstack-usage -fcyclomatic-complexity -MMD -MP -MF"Drivers/STM32L4xx_HAL_Driver/Src/stm32l4xx_hal_cortex.d" -MT"Drivers/STM32L4xx_HAL_Driver/Src/stm32l4xx_hal_cortex.o" --specs=nano.specs -mfpu=fpv4-sp-d16 -mfloat-abi=hard -mthumb -o "Drivers/STM32L4xx_HAL_Driver/Src/stm32l4xx_hal_cortex.o"
arm-none-eabi-gcc "../Drivers/STM32L4xx_HAL_Driver/Src/stm32l4xx_hal_dma.c" -mcpu=cortex-m4 -std=gnu11 -g3 -DDEBUG -DUSE_HAL_DRIVER -DSTM32L432xx -c -I../Core/Inc -I"C:/Users/alyvasseur/Education Vaud/ETML_FLO-22-24_Teams - Vasseur/MicroControleur/Rainbow-Reveil/STM32/Portage Reveil matrice/Core/Library/Inc" -I"C:/Users/alyvasseur/Education Vaud/ETML_FLO-22-24_Teams - Vasseur/MicroControleur/Rainbow-Reveil/STM32/Portage Reveil matrice/Core/Library/Src" -I../Drivers/STM32L4xx_HAL_Driver/Inc -I../Drivers/STM32L4xx_HAL_Driver/Inc/Legacy -I../Drivers/CMSIS/Device/ST/STM32L4xx/Include -I../Drivers/CMSIS/Include -O0 -ffunction-sections -fdata-sections -Wall -fstack-usage -fcyclomatic-complexity -MMD -MP -MF"Drivers/STM32L4xx_HAL_Driver/Src/stm32l4xx_hal_dma.d" -MT"Drivers/STM32L4xx_HAL_Driver/Src/stm32l4xx_hal_dma.o" --specs=nano.specs -mfpu=fpv4-sp-d16 -mfloat-abi=hard -mthumb -o "Drivers/STM32L4xx_HAL_Driver/Src/stm32l4xx_hal_dma.o"
arm-none-eabi-gcc "../Drivers/STM32L4xx_HAL_Driver/Src/stm32l4xx_hal_dma_ex.c" -mcpu=cortex-m4 -std=gnu11 -g3 -DDEBUG -DUSE_HAL_DRIVER -DSTM32L432xx -c -I../Core/Inc -I"C:/Users/alyvasseur/Education Vaud/ETML_FLO-22-24_Teams - Vasseur/MicroControleur/Rainbow-Reveil/STM32/Portage Reveil matrice/Core/Library/Inc" -I"C:/Users/alyvasseur/Education Vaud/ETML_FLO-22-24_Teams - Vasseur/MicroControleur/Rainbow-Reveil/STM32/Portage Reveil matrice/Core/Library/Src" -I../Drivers/STM32L4xx_HAL_Driver/Inc -I../Drivers/STM32L4xx_HAL_Driver/Inc/Legacy -I../Drivers/CMSIS/Device/ST/STM32L4xx/Include -I../Drivers/CMSIS/Include -O0 -ffunction-sections -fdata-sections -Wall -fstack-usage -fcyclomatic-complexity -MMD -MP -MF"Drivers/STM32L4xx_HAL_Driver/Src/stm32l4xx_hal_dma_ex.d" -MT"Drivers/STM32L4xx_HAL_Driver/Src/stm32l4xx_hal_dma_ex.o" --specs=nano.specs -mfpu=fpv4-sp-d16 -mfloat-abi=hard -mthumb -o "Drivers/STM32L4xx_HAL_Driver/Src/stm32l4xx_hal_dma_ex.o"
arm-none-eabi-gcc "../Drivers/STM32L4xx_HAL_Driver/Src/stm32l4xx_hal_exti.c" -mcpu=cortex-m4 -std=gnu11 -g3 -DDEBUG -DUSE_HAL_DRIVER -DSTM32L432xx -c -I../Core/Inc -I"C:/Users/alyvasseur/Education Vaud/ETML_FLO-22-24_Teams - Vasseur/MicroControleur/Rainbow-Reveil/STM32/Portage Reveil matrice/Core/Library/Inc" -I"C:/Users/alyvasseur/Education Vaud/ETML_FLO-22-24_Teams - Vasseur/MicroControleur/Rainbow-Reveil/STM32/Portage Reveil matrice/Core/Library/Src" -I../Drivers/STM32L4xx_HAL_Driver/Inc -I../Drivers/STM32L4xx_HAL_Driver/Inc/Legacy -I../Drivers/CMSIS/Device/ST/STM32L4xx/Include -I../Drivers/CMSIS/Include -O0 -ffunction-sections -fdata-sections -Wall -fstack-usage -fcyclomatic-complexity -MMD -MP -MF"Drivers/STM32L4xx_HAL_Driver/Src/stm32l4xx_hal_exti.d" -MT"Drivers/STM32L4xx_HAL_Driver/Src/stm32l4xx_hal_exti.o" --specs=nano.specs -mfpu=fpv4-sp-d16 -mfloat-abi=hard -mthumb -o "Drivers/STM32L4xx_HAL_Driver/Src/stm32l4xx_hal_exti.o"
arm-none-eabi-gcc "../Drivers/STM32L4xx_HAL_Driver/Src/stm32l4xx_hal_flash.c" -mcpu=cortex-m4 -std=gnu11 -g3 -DDEBUG -DUSE_HAL_DRIVER -DSTM32L432xx -c -I../Core/Inc -I"C:/Users/alyvasseur/Education Vaud/ETML_FLO-22-24_Teams - Vasseur/MicroControleur/Rainbow-Reveil/STM32/Portage Reveil matrice/Core/Library/Inc" -I"C:/Users/alyvasseur/Education Vaud/ETML_FLO-22-24_Teams - Vasseur/MicroControleur/Rainbow-Reveil/STM32/Portage Reveil matrice/Core/Library/Src" -I../Drivers/STM32L4xx_HAL_Driver/Inc -I../Drivers/STM32L4xx_HAL_Driver/Inc/Legacy -I../Drivers/CMSIS/Device/ST/STM32L4xx/Include -I../Drivers/CMSIS/Include -O0 -ffunction-sections -fdata-sections -Wall -fstack-usage -fcyclomatic-complexity -MMD -MP -MF"Drivers/STM32L4xx_HAL_Driver/Src/stm32l4xx_hal_flash.d" -MT"Drivers/STM32L4xx_HAL_Driver/Src/stm32l4xx_hal_flash.o" --specs=nano.specs -mfpu=fpv4-sp-d16 -mfloat-abi=hard -mthumb -o "Drivers/STM32L4xx_HAL_Driver/Src/stm32l4xx_hal_flash.o"
arm-none-eabi-gcc "../Drivers/STM32L4xx_HAL_Driver/Src/stm32l4xx_hal_flash_ex.c" -mcpu=cortex-m4 -std=gnu11 -g3 -DDEBUG -DUSE_HAL_DRIVER -DSTM32L432xx -c -I../Core/Inc -I"C:/Users/alyvasseur/Education Vaud/ETML_FLO-22-24_Teams - Vasseur/MicroControleur/Rainbow-Reveil/STM32/Portage Reveil matrice/Core/Library/Inc" -I"C:/Users/alyvasseur/Education Vaud/ETML_FLO-22-24_Teams - Vasseur/MicroControleur/Rainbow-Reveil/STM32/Portage Reveil matrice/Core/Library/Src" -I../Drivers/STM32L4xx_HAL_Driver/Inc -I../Drivers/STM32L4xx_HAL_Driver/Inc/Legacy -I../Drivers/CMSIS/Device/ST/STM32L4xx/Include -I../Drivers/CMSIS/Include -O0 -ffunction-sections -fdata-sections -Wall -fstack-usage -fcyclomatic-complexity -MMD -MP -MF"Drivers/STM32L4xx_HAL_Driver/Src/stm32l4xx_hal_flash_ex.d" -MT"Drivers/STM32L4xx_HAL_Driver/Src/stm32l4xx_hal_flash_ex.o" --specs=nano.specs -mfpu=fpv4-sp-d16 -mfloat-abi=hard -mthumb -o "Drivers/STM32L4xx_HAL_Driver/Src/stm32l4xx_hal_flash_ex.o"
arm-none-eabi-gcc "../Drivers/STM32L4xx_HAL_Driver/Src/stm32l4xx_hal_flash_ramfunc.c" -mcpu=cortex-m4 -std=gnu11 -g3 -DDEBUG -DUSE_HAL_DRIVER -DSTM32L432xx -c -I../Core/Inc -I"C:/Users/alyvasseur/Education Vaud/ETML_FLO-22-24_Teams - Vasseur/MicroControleur/Rainbow-Reveil/STM32/Portage Reveil matrice/Core/Library/Inc" -I"C:/Users/alyvasseur/Education Vaud/ETML_FLO-22-24_Teams - Vasseur/MicroControleur/Rainbow-Reveil/STM32/Portage Reveil matrice/Core/Library/Src" -I../Drivers/STM32L4xx_HAL_Driver/Inc -I../Drivers/STM32L4xx_HAL_Driver/Inc/Legacy -I../Drivers/CMSIS/Device/ST/STM32L4xx/Include -I../Drivers/CMSIS/Include -O0 -ffunction-sections -fdata-sections -Wall -fstack-usage -fcyclomatic-complexity -MMD -MP -MF"Drivers/STM32L4xx_HAL_Driver/Src/stm32l4xx_hal_flash_ramfunc.d" -MT"Drivers/STM32L4xx_HAL_Driver/Src/stm32l4xx_hal_flash_ramfunc.o" --specs=nano.specs -mfpu=fpv4-sp-d16 -mfloat-abi=hard -mthumb -o "Drivers/STM32L4xx_HAL_Driver/Src/stm32l4xx_hal_flash_ramfunc.o"
arm-none-eabi-gcc "../Drivers/STM32L4xx_HAL_Driver/Src/stm32l4xx_hal_gpio.c" -mcpu=cortex-m4 -std=gnu11 -g3 -DDEBUG -DUSE_HAL_DRIVER -DSTM32L432xx -c -I../Core/Inc -I"C:/Users/alyvasseur/Education Vaud/ETML_FLO-22-24_Teams - Vasseur/MicroControleur/Rainbow-Reveil/STM32/Portage Reveil matrice/Core/Library/Inc" -I"C:/Users/alyvasseur/Education Vaud/ETML_FLO-22-24_Teams - Vasseur/MicroControleur/Rainbow-Reveil/STM32/Portage Reveil matrice/Core/Library/Src" -I../Drivers/STM32L4xx_HAL_Driver/Inc -I../Drivers/STM32L4xx_HAL_Driver/Inc/Legacy -I../Drivers/CMSIS/Device/ST/STM32L4xx/Include -I../Drivers/CMSIS/Include -O0 -ffunction-sections -fdata-sections -Wall -fstack-usage -fcyclomatic-complexity -MMD -MP -MF"Drivers/STM32L4xx_HAL_Driver/Src/stm32l4xx_hal_gpio.d" -MT"Drivers/STM32L4xx_HAL_Driver/Src/stm32l4xx_hal_gpio.o" --specs=nano.specs -mfpu=fpv4-sp-d16 -mfloat-abi=hard -mthumb -o "Drivers/STM32L4xx_HAL_Driver/Src/stm32l4xx_hal_gpio.o"
arm-none-eabi-gcc "../Drivers/STM32L4xx_HAL_Driver/Src/stm32l4xx_hal_pwr.c" -mcpu=cortex-m4 -std=gnu11 -g3 -DDEBUG -DUSE_HAL_DRIVER -DSTM32L432xx -c -I../Core/Inc -I"C:/Users/alyvasseur/Education Vaud/ETML_FLO-22-24_Teams - Vasseur/MicroControleur/Rainbow-Reveil/STM32/Portage Reveil matrice/Core/Library/Inc" -I"C:/Users/alyvasseur/Education Vaud/ETML_FLO-22-24_Teams - Vasseur/MicroControleur/Rainbow-Reveil/STM32/Portage Reveil matrice/Core/Library/Src" -I../Drivers/STM32L4xx_HAL_Driver/Inc -I../Drivers/STM32L4xx_HAL_Driver/Inc/Legacy -I../Drivers/CMSIS/Device/ST/STM32L4xx/Include -I../Drivers/CMSIS/Include -O0 -ffunction-sections -fdata-sections -Wall -fstack-usage -fcyclomatic-complexity -MMD -MP -MF"Drivers/STM32L4xx_HAL_Driver/Src/stm32l4xx_hal_pwr.d" -MT"Drivers/STM32L4xx_HAL_Driver/Src/stm32l4xx_hal_pwr.o" --specs=nano.specs -mfpu=fpv4-sp-d16 -mfloat-abi=hard -mthumb -o "Drivers/STM32L4xx_HAL_Driver/Src/stm32l4xx_hal_pwr.o"
arm-none-eabi-gcc "../Drivers/STM32L4xx_HAL_Driver/Src/stm32l4xx_hal_pwr_ex.c" -mcpu=cortex-m4 -std=gnu11 -g3 -DDEBUG -DUSE_HAL_DRIVER -DSTM32L432xx -c -I../Core/Inc -I"C:/Users/alyvasseur/Education Vaud/ETML_FLO-22-24_Teams - Vasseur/MicroControleur/Rainbow-Reveil/STM32/Portage Reveil matrice/Core/Library/Inc" -I"C:/Users/alyvasseur/Education Vaud/ETML_FLO-22-24_Teams - Vasseur/MicroControleur/Rainbow-Reveil/STM32/Portage Reveil matrice/Core/Library/Src" -I../Drivers/STM32L4xx_HAL_Driver/Inc -I../Drivers/STM32L4xx_HAL_Driver/Inc/Legacy -I../Drivers/CMSIS/Device/ST/STM32L4xx/Include -I../Drivers/CMSIS/Include -O0 -ffunction-sections -fdata-sections -Wall -fstack-usage -fcyclomatic-complexity -MMD -MP -MF"Drivers/STM32L4xx_HAL_Driver/Src/stm32l4xx_hal_pwr_ex.d" -MT"Drivers/STM32L4xx_HAL_Driver/Src/stm32l4xx_hal_pwr_ex.o" --specs=nano.specs -mfpu=fpv4-sp-d16 -mfloat-abi=hard -mthumb -o "Drivers/STM32L4xx_HAL_Driver/Src/stm32l4xx_hal_pwr_ex.o"
arm-none-eabi-gcc "../Drivers/STM32L4xx_HAL_Driver/Src/stm32l4xx_hal_rcc.c" -mcpu=cortex-m4 -std=gnu11 -g3 -DDEBUG -DUSE_HAL_DRIVER -DSTM32L432xx -c -I../Core/Inc -I"C:/Users/alyvasseur/Education Vaud/ETML_FLO-22-24_Teams - Vasseur/MicroControleur/Rainbow-Reveil/STM32/Portage Reveil matrice/Core/Library/Inc" -I"C:/Users/alyvasseur/Education Vaud/ETML_FLO-22-24_Teams - Vasseur/MicroControleur/Rainbow-Reveil/STM32/Portage Reveil matrice/Core/Library/Src" -I../Drivers/STM32L4xx_HAL_Driver/Inc -I../Drivers/STM32L4xx_HAL_Driver/Inc/Legacy -I../Drivers/CMSIS/Device/ST/STM32L4xx/Include -I../Drivers/CMSIS/Include -O0 -ffunction-sections -fdata-sections -Wall -fstack-usage -fcyclomatic-complexity -MMD -MP -MF"Drivers/STM32L4xx_HAL_Driver/Src/stm32l4xx_hal_rcc.d" -MT"Drivers/STM32L4xx_HAL_Driver/Src/stm32l4xx_hal_rcc.o" --specs=nano.specs -mfpu=fpv4-sp-d16 -mfloat-abi=hard -mthumb -o "Drivers/STM32L4xx_HAL_Driver/Src/stm32l4xx_hal_rcc.o"
arm-none-eabi-gcc "../Drivers/STM32L4xx_HAL_Driver/Src/stm32l4xx_hal_rcc_ex.c" -mcpu=cortex-m4 -std=gnu11 -g3 -DDEBUG -DUSE_HAL_DRIVER -DSTM32L432xx -c -I../Core/Inc -I"C:/Users/alyvasseur/Education Vaud/ETML_FLO-22-24_Teams - Vasseur/MicroControleur/Rainbow-Reveil/STM32/Portage Reveil matrice/Core/Library/Inc" -I"C:/Users/alyvasseur/Education Vaud/ETML_FLO-22-24_Teams - Vasseur/MicroControleur/Rainbow-Reveil/STM32/Portage Reveil matrice/Core/Library/Src" -I../Drivers/STM32L4xx_HAL_Driver/Inc -I../Drivers/STM32L4xx_HAL_Driver/Inc/Legacy -I../Drivers/CMSIS/Device/ST/STM32L4xx/Include -I../Drivers/CMSIS/Include -O0 -ffunction-sections -fdata-sections -Wall -fstack-usage -fcyclomatic-complexity -MMD -MP -MF"Drivers/STM32L4xx_HAL_Driver/Src/stm32l4xx_hal_rcc_ex.d" -MT"Drivers/STM32L4xx_HAL_Driver/Src/stm32l4xx_hal_rcc_ex.o" --specs=nano.specs -mfpu=fpv4-sp-d16 -mfloat-abi=hard -mthumb -o "Drivers/STM32L4xx_HAL_Driver/Src/stm32l4xx_hal_rcc_ex.o"
arm-none-eabi-gcc "../Drivers/STM32L4xx_HAL_Driver/Src/stm32l4xx_hal_tim.c" -mcpu=cortex-m4 -std=gnu11 -g3 -DDEBUG -DUSE_HAL_DRIVER -DSTM32L432xx -c -I../Core/Inc -I"C:/Users/alyvasseur/Education Vaud/ETML_FLO-22-24_Teams - Vasseur/MicroControleur/Rainbow-Reveil/STM32/Portage Reveil matrice/Core/Library/Inc" -I"C:/Users/alyvasseur/Education Vaud/ETML_FLO-22-24_Teams - Vasseur/MicroControleur/Rainbow-Reveil/STM32/Portage Reveil matrice/Core/Library/Src" -I../Drivers/STM32L4xx_HAL_Driver/Inc -I../Drivers/STM32L4xx_HAL_Driver/Inc/Legacy -I../Drivers/CMSIS/Device/ST/STM32L4xx/Include -I../Drivers/CMSIS/Include -O0 -ffunction-sections -fdata-sections -Wall -fstack-usage -fcyclomatic-complexity -MMD -MP -MF"Drivers/STM32L4xx_HAL_Driver/Src/stm32l4xx_hal_tim.d" -MT"Drivers/STM32L4xx_HAL_Driver/Src/stm32l4xx_hal_tim.o" --specs=nano.specs -mfpu=fpv4-sp-d16 -mfloat-abi=hard -mthumb -o "Drivers/STM32L4xx_HAL_Driver/Src/stm32l4xx_hal_tim.o"
arm-none-eabi-gcc "../Drivers/STM32L4xx_HAL_Driver/Src/stm32l4xx_hal_tim_ex.c" -mcpu=cortex-m4 -std=gnu11 -g3 -DDEBUG -DUSE_HAL_DRIVER -DSTM32L432xx -c -I../Core/Inc -I"C:/Users/alyvasseur/Education Vaud/ETML_FLO-22-24_Teams - Vasseur/MicroControleur/Rainbow-Reveil/STM32/Portage Reveil matrice/Core/Library/Inc" -I"C:/Users/alyvasseur/Education Vaud/ETML_FLO-22-24_Teams - Vasseur/MicroControleur/Rainbow-Reveil/STM32/Portage Reveil matrice/Core/Library/Src" -I../Drivers/STM32L4xx_HAL_Driver/Inc -I../Drivers/STM32L4xx_HAL_Driver/Inc/Legacy -I../Drivers/CMSIS/Device/ST/STM32L4xx/Include -I../Drivers/CMSIS/Include -O0 -ffunction-sections -fdata-sections -Wall -fstack-usage -fcyclomatic-complexity -MMD -MP -MF"Drivers/STM32L4xx_HAL_Driver/Src/stm32l4xx_hal_tim_ex.d" -MT"Drivers/STM32L4xx_HAL_Driver/Src/stm32l4xx_hal_tim_ex.o" --specs=nano.specs -mfpu=fpv4-sp-d16 -mfloat-abi=hard -mthumb -o "Drivers/STM32L4xx_HAL_Driver/Src/stm32l4xx_hal_tim_ex.o"
arm-none-eabi-gcc "../Drivers/STM32L4xx_HAL_Driver/Src/stm32l4xx_hal_uart.c" -mcpu=cortex-m4 -std=gnu11 -g3 -DDEBUG -DUSE_HAL_DRIVER -DSTM32L432xx -c -I../Core/Inc -I"C:/Users/alyvasseur/Education Vaud/ETML_FLO-22-24_Teams - Vasseur/MicroControleur/Rainbow-Reveil/STM32/Portage Reveil matrice/Core/Library/Inc" -I"C:/Users/alyvasseur/Education Vaud/ETML_FLO-22-24_Teams - Vasseur/MicroControleur/Rainbow-Reveil/STM32/Portage Reveil matrice/Core/Library/Src" -I../Drivers/STM32L4xx_HAL_Driver/Inc -I../Drivers/STM32L4xx_HAL_Driver/Inc/Legacy -I../Drivers/CMSIS/Device/ST/STM32L4xx/Include -I../Drivers/CMSIS/Include -O0 -ffunction-sections -fdata-sections -Wall -fstack-usage -fcyclomatic-complexity -MMD -MP -MF"Drivers/STM32L4xx_HAL_Driver/Src/stm32l4xx_hal_uart.d" -MT"Drivers/STM32L4xx_HAL_Driver/Src/stm32l4xx_hal_uart.o" --specs=nano.specs -mfpu=fpv4-sp-d16 -mfloat-abi=hard -mthumb -o "Drivers/STM32L4xx_HAL_Driver/Src/stm32l4xx_hal_uart.o"
arm-none-eabi-gcc "../Drivers/STM32L4xx_HAL_Driver/Src/stm32l4xx_hal_uart_ex.c" -mcpu=cortex-m4 -std=gnu11 -g3 -DDEBUG -DUSE_HAL_DRIVER -DSTM32L432xx -c -I../Core/Inc -I"C:/Users/alyvasseur/Education Vaud/ETML_FLO-22-24_Teams - Vasseur/MicroControleur/Rainbow-Reveil/STM32/Portage Reveil matrice/Core/Library/Inc" -I"C:/Users/alyvasseur/Education Vaud/ETML_FLO-22-24_Teams - Vasseur/MicroControleur/Rainbow-Reveil/STM32/Portage Reveil matrice/Core/Library/Src" -I../Drivers/STM32L4xx_HAL_Driver/Inc -I../Drivers/STM32L4xx_HAL_Driver/Inc/Legacy -I../Drivers/CMSIS/Device/ST/STM32L4xx/Include -I../Drivers/CMSIS/Include -O0 -ffunction-sections -fdata-sections -Wall -fstack-usage -fcyclomatic-complexity -MMD -MP -MF"Drivers/STM32L4xx_HAL_Driver/Src/stm32l4xx_hal_uart_ex.d" -MT"Drivers/STM32L4xx_HAL_Driver/Src/stm32l4xx_hal_uart_ex.o" --specs=nano.specs -mfpu=fpv4-sp-d16 -mfloat-abi=hard -mthumb -o "Drivers/STM32L4xx_HAL_Driver/Src/stm32l4xx_hal_uart_ex.o"
arm-none-eabi-gcc -mcpu=cortex-m4 -g3 -DDEBUG -c -x assembler-with-cpp -MMD -MP -MF"Core/Startup/startup_stm32l432kcux.d" -MT"Core/Startup/startup_stm32l432kcux.o" --specs=nano.specs -mfpu=fpv4-sp-d16 -mfloat-abi=hard -mthumb -o "Core/Startup/startup_stm32l432kcux.o" "../Core/Startup/startup_stm32l432kcux.s"
arm-none-eabi-gcc "../Core/Src/main.c" -mcpu=cortex-m4 -std=gnu11 -g3 -DDEBUG -DUSE_HAL_DRIVER -DSTM32L432xx -c -I../Core/Inc -I"C:/Users/alyvasseur/Education Vaud/ETML_FLO-22-24_Teams - Vasseur/MicroControleur/Rainbow-Reveil/STM32/Portage Reveil matrice/Core/Library/Inc" -I"C:/Users/alyvasseur/Education Vaud/ETML_FLO-22-24_Teams - Vasseur/MicroControleur/Rainbow-Reveil/STM32/Portage Reveil matrice/Core/Library/Src" -I../Drivers/STM32L4xx_HAL_Driver/Inc -I../Drivers/STM32L4xx_HAL_Driver/Inc/Legacy -I../Drivers/CMSIS/Device/ST/STM32L4xx/Include -I../Drivers/CMSIS/Include -O0 -ffunction-sections -fdata-sections -Wall -fstack-usage -fcyclomatic-complexity -MMD -MP -MF"Core/Src/main.d" -MT"Core/Src/main.o" --specs=nano.specs -mfpu=fpv4-sp-d16 -mfloat-abi=hard -mthumb -o "Core/Src/main.o"
arm-none-eabi-gcc "../Core/Src/stm32l4xx_hal_msp.c" -mcpu=cortex-m4 -std=gnu11 -g3 -DDEBUG -DUSE_HAL_DRIVER -DSTM32L432xx -c -I../Core/Inc -I"C:/Users/alyvasseur/Education Vaud/ETML_FLO-22-24_Teams - Vasseur/MicroControleur/Rainbow-Reveil/STM32/Portage Reveil matrice/Core/Library/Inc" -I"C:/Users/alyvasseur/Education Vaud/ETML_FLO-22-24_Teams - Vasseur/MicroControleur/Rainbow-Reveil/STM32/Portage Reveil matrice/Core/Library/Src" -I../Drivers/STM32L4xx_HAL_Driver/Inc -I../Drivers/STM32L4xx_HAL_Driver/Inc/Legacy -I../Drivers/CMSIS/Device/ST/STM32L4xx/Include -I../Drivers/CMSIS/Include -O0 -ffunction-sections -fdata-sections -Wall -fstack-usage -fcyclomatic-complexity -MMD -MP -MF"Core/Src/stm32l4xx_hal_msp.d" -MT"Core/Src/stm32l4xx_hal_msp.o" --specs=nano.specs -mfpu=fpv4-sp-d16 -mfloat-abi=hard -mthumb -o "Core/Src/stm32l4xx_hal_msp.o"
arm-none-eabi-gcc "../Core/Src/stm32l4xx_it.c" -mcpu=cortex-m4 -std=gnu11 -g3 -DDEBUG -DUSE_HAL_DRIVER -DSTM32L432xx -c -I../Core/Inc -I"C:/Users/alyvasseur/Education Vaud/ETML_FLO-22-24_Teams - Vasseur/MicroControleur/Rainbow-Reveil/STM32/Portage Reveil matrice/Core/Library/Inc" -I"C:/Users/alyvasseur/Education Vaud/ETML_FLO-22-24_Teams - Vasseur/MicroControleur/Rainbow-Reveil/STM32/Portage Reveil matrice/Core/Library/Src" -I../Drivers/STM32L4xx_HAL_Driver/Inc -I../Drivers/STM32L4xx_HAL_Driver/Inc/Legacy -I../Drivers/CMSIS/Device/ST/STM32L4xx/Include -I../Drivers/CMSIS/Include -O0 -ffunction-sections -fdata-sections -Wall -fstack-usage -fcyclomatic-complexity -MMD -MP -MF"Core/Src/stm32l4xx_it.d" -MT"Core/Src/stm32l4xx_it.o" --specs=nano.specs -mfpu=fpv4-sp-d16 -mfloat-abi=hard -mthumb -o "Core/Src/stm32l4xx_it.o"
arm-none-eabi-gcc "../Core/Src/syscalls.c" -mcpu=cortex-m4 -std=gnu11 -g3 -DDEBUG -DUSE_HAL_DRIVER -DSTM32L432xx -c -I../Core/Inc -I"C:/Users/alyvasseur/Education Vaud/ETML_FLO-22-24_Teams - Vasseur/MicroControleur/Rainbow-Reveil/STM32/Portage Reveil matrice/Core/Library/Inc" -I"C:/Users/alyvasseur/Education Vaud/ETML_FLO-22-24_Teams - Vasseur/MicroControleur/Rainbow-Reveil/STM32/Portage Reveil matrice/Core/Library/Src" -I../Drivers/STM32L4xx_HAL_Driver/Inc -I../Drivers/STM32L4xx_HAL_Driver/Inc/Legacy -I../Drivers/CMSIS/Device/ST/STM32L4xx/Include -I../Drivers/CMSIS/Include -O0 -ffunction-sections -fdata-sections -Wall -fstack-usage -fcyclomatic-complexity -MMD -MP -MF"Core/Src/syscalls.d" -MT"Core/Src/syscalls.o" --specs=nano.specs -mfpu=fpv4-sp-d16 -mfloat-abi=hard -mthumb -o "Core/Src/syscalls.o"
arm-none-eabi-gcc "../Core/Src/sysmem.c" -mcpu=cortex-m4 -std=gnu11 -g3 -DDEBUG -DUSE_HAL_DRIVER -DSTM32L432xx -c -I../Core/Inc -I"C:/Users/alyvasseur/Education Vaud/ETML_FLO-22-24_Teams - Vasseur/MicroControleur/Rainbow-Reveil/STM32/Portage Reveil matrice/Core/Library/Inc" -I"C:/Users/alyvasseur/Education Vaud/ETML_FLO-22-24_Teams - Vasseur/MicroControleur/Rainbow-Reveil/STM32/Portage Reveil matrice/Core/Library/Src" -I../Drivers/STM32L4xx_HAL_Driver/Inc -I../Drivers/STM32L4xx_HAL_Driver/Inc/Legacy -I../Drivers/CMSIS/Device/ST/STM32L4xx/Include -I../Drivers/CMSIS/Include -O0 -ffunction-sections -fdata-sections -Wall -fstack-usage -fcyclomatic-complexity -MMD -MP -MF"Core/Src/sysmem.d" -MT"Core/Src/sysmem.o" --specs=nano.specs -mfpu=fpv4-sp-d16 -mfloat-abi=hard -mthumb -o "Core/Src/sysmem.o"
arm-none-eabi-gcc "../Core/Src/system_stm32l4xx.c" -mcpu=cortex-m4 -std=gnu11 -g3 -DDEBUG -DUSE_HAL_DRIVER -DSTM32L432xx -c -I../Core/Inc -I"C:/Users/alyvasseur/Education Vaud/ETML_FLO-22-24_Teams - Vasseur/MicroControleur/Rainbow-Reveil/STM32/Portage Reveil matrice/Core/Library/Inc" -I"C:/Users/alyvasseur/Education Vaud/ETML_FLO-22-24_Teams - Vasseur/MicroControleur/Rainbow-Reveil/STM32/Portage Reveil matrice/Core/Library/Src" -I../Drivers/STM32L4xx_HAL_Driver/Inc -I../Drivers/STM32L4xx_HAL_Driver/Inc/Legacy -I../Drivers/CMSIS/Device/ST/STM32L4xx/Include -I../Drivers/CMSIS/Include -O0 -ffunction-sections -fdata-sections -Wall -fstack-usage -fcyclomatic-complexity -MMD -MP -MF"Core/Src/system_stm32l4xx.d" -MT"Core/Src/system_stm32l4xx.o" --specs=nano.specs -mfpu=fpv4-sp-d16 -mfloat-abi=hard -mthumb -o "Core/Src/system_stm32l4xx.o"
arm-none-eabi-gcc "../Core/Library/Src/canvas.c" -mcpu=cortex-m4 -std=gnu11 -g3 -DDEBUG -DUSE_HAL_DRIVER -DSTM32L432xx -c -I../Core/Inc -I"C:/Users/alyvasseur/Education Vaud/ETML_FLO-22-24_Teams - Vasseur/MicroControleur/Rainbow-Reveil/STM32/Portage Reveil matrice/Core/Library/Inc" -I"C:/Users/alyvasseur/Education Vaud/ETML_FLO-22-24_Teams - Vasseur/MicroControleur/Rainbow-Reveil/STM32/Portage Reveil matrice/Core/Library/Src" -I../Drivers/STM32L4xx_HAL_Driver/Inc -I../Drivers/STM32L4xx_HAL_Driver/Inc/Legacy -I../Drivers/CMSIS/Device/ST/STM32L4xx/Include -I../Drivers/CMSIS/Include -O0 -ffunction-sections -fdata-sections -Wall -fstack-usage -fcyclomatic-complexity -MMD -MP -MF"Core/Library/Src/canvas.d" -MT"Core/Library/Src/canvas.o" --specs=nano.specs -mfpu=fpv4-sp-d16 -mfloat-abi=hard -mthumb -o "Core/Library/Src/canvas.o"
arm-none-eabi-gcc "../Core/Library/Src/color.c" -mcpu=cortex-m4 -std=gnu11 -g3 -DDEBUG -DUSE_HAL_DRIVER -DSTM32L432xx -c -I../Core/Inc -I"C:/Users/alyvasseur/Education Vaud/ETML_FLO-22-24_Teams - Vasseur/MicroControleur/Rainbow-Reveil/STM32/Portage Reveil matrice/Core/Library/Inc" -I"C:/Users/alyvasseur/Education Vaud/ETML_FLO-22-24_Teams - Vasseur/MicroControleur/Rainbow-Reveil/STM32/Portage Reveil matrice/Core/Library/Src" -I../Drivers/STM32L4xx_HAL_Driver/Inc -I../Drivers/STM32L4xx_HAL_Driver/Inc/Legacy -I../Drivers/CMSIS/Device/ST/STM32L4xx/Include -I../Drivers/CMSIS/Include -O0 -ffunction-sections -fdata-sections -Wall -fstack-usage -fcyclomatic-complexity -MMD -MP -MF"Core/Library/Src/color.d" -MT"Core/Library/Src/color.o" --specs=nano.specs -mfpu=fpv4-sp-d16 -mfloat-abi=hard -mthumb -o "Core/Library/Src/color.o"
arm-none-eabi-gcc "../Core/Library/Src/image_data.c" -mcpu=cortex-m4 -std=gnu11 -g3 -DDEBUG -DUSE_HAL_DRIVER -DSTM32L432xx -c -I../Core/Inc -I"C:/Users/alyvasseur/Education Vaud/ETML_FLO-22-24_Teams - Vasseur/MicroControleur/Rainbow-Reveil/STM32/Portage Reveil matrice/Core/Library/Inc" -I"C:/Users/alyvasseur/Education Vaud/ETML_FLO-22-24_Teams - Vasseur/MicroControleur/Rainbow-Reveil/STM32/Portage Reveil matrice/Core/Library/Src" -I../Drivers/STM32L4xx_HAL_Driver/Inc -I../Drivers/STM32L4xx_HAL_Driver/Inc/Legacy -I../Drivers/CMSIS/Device/ST/STM32L4xx/Include -I../Drivers/CMSIS/Include -O0 -ffunction-sections -fdata-sections -Wall -fstack-usage -fcyclomatic-complexity -MMD -MP -MF"Core/Library/Src/image_data.d" -MT"Core/Library/Src/image_data.o" --specs=nano.specs -mfpu=fpv4-sp-d16 -mfloat-abi=hard -mthumb -o "Core/Library/Src/image_data.o"
arm-none-eabi-gcc "../Core/Library/Src/ws2812.c" -mcpu=cortex-m4 -std=gnu11 -g3 -DDEBUG -DUSE_HAL_DRIVER -DSTM32L432xx -c -I../Core/Inc -I"C:/Users/alyvasseur/Education Vaud/ETML_FLO-22-24_Teams - Vasseur/MicroControleur/Rainbow-Reveil/STM32/Portage Reveil matrice/Core/Library/Inc" -I"C:/Users/alyvasseur/Education Vaud/ETML_FLO-22-24_Teams - Vasseur/MicroControleur/Rainbow-Reveil/STM32/Portage Reveil matrice/Core/Library/Src" -I../Drivers/STM32L4xx_HAL_Driver/Inc -I../Drivers/STM32L4xx_HAL_Driver/Inc/Legacy -I../Drivers/CMSIS/Device/ST/STM32L4xx/Include -I../Drivers/CMSIS/Include -O0 -ffunction-sections -fdata-sections -Wall -fstack-usage -fcyclomatic-complexity -MMD -MP -MF"Core/Library/Src/ws2812.d" -MT"Core/Library/Src/ws2812.o" --specs=nano.specs -mfpu=fpv4-sp-d16 -mfloat-abi=hard -mthumb -o "Core/Library/Src/ws2812.o"
../Core/Src/main.c:76:16: warning: 'Minutes_D' defined but not used [-Wunused-variable]
   76 | static uint8_t Minutes_D = 2;
      |                ^~~~~~~~~
../Core/Src/main.c:75:16: warning: 'Minutes_U' defined but not used [-Wunused-variable]
   75 | static uint8_t Minutes_U = 7;
      |                ^~~~~~~~~
../Core/Src/main.c:74:16: warning: 'Minutes_brt' defined but not used [-Wunused-variable]
   74 | static uint8_t Minutes_brt = 0;
      |                ^~~~~~~~~~~
../Core/Src/main.c:73:16: warning: 'Heures_D' defined but not used [-Wunused-variable]
   73 | static uint8_t Heures_D = 0;
      |                ^~~~~~~~
../Core/Src/main.c:72:16: warning: 'Heures_U' defined but not used [-Wunused-variable]
   72 | static uint8_t Heures_U = 4;
      |                ^~~~~~~~
../Core/Src/main.c:71:16: warning: 'Heures_brt' defined but not used [-Wunused-variable]
   71 | static uint8_t Heures_brt = 0;
      |                ^~~~~~~~~~
arm-none-eabi-gcc -o "Portage Reveil matrice.elf" @"objects.list"   -mcpu=cortex-m4 -T"C:\Users\alyvasseur\Education Vaud\ETML_FLO-22-24_Teams - Vasseur\MicroControleur\Rainbow-Reveil\STM32\Portage Reveil matrice\STM32L432KCUX_FLASH.ld" --specs=nosys.specs -Wl,-Map="Portage Reveil matrice.map" -Wl,--gc-sections -static --specs=nano.specs -mfpu=fpv4-sp-d16 -mfloat-abi=hard -mthumb -Wl,--start-group -lc -lm -Wl,--end-group
Finished building target: Portage Reveil matrice.elf
 
arm-none-eabi-size   Portage\ Reveil\ matrice.elf 
arm-none-eabi-objdump -h -S  Portage\ Reveil\ matrice.elf  > "Portage Reveil matrice.list"
   text	   data	    bss	    dec	    hex	filename
  27392	  29128	   4776	  61296	   ef70	Portage Reveil matrice.elf
Finished building: default.size.stdout
 
Finished building: Portage Reveil matrice.list
 

10:42:19 Build Finished. 0 errors, 6 warnings. (took 3s.874ms)

