../Core/Src/main.c:95:5:main	40	static
../Core/Src/main.c:366:6:SystemClock_Config	112	static
../Core/Src/main.c:411:13:MX_ADC_Init	24	static
../Core/Src/main.c:465:13:MX_TIM2_Init	64	static
../Core/Src/main.c:524:13:MX_USART1_UART_Init	8	static
../Core/Src/main.c:557:13:MX_DMA_Init	16	static
../Core/Src/main.c:581:13:MX_GPIO_Init	48	static
../Core/Src/main.c:624:6:HAL_UART_RxCpltCallback	16	static
../Core/Src/main.c:661:6:HAL_UART_ErrorCallback	16	static
../Core/Src/main.c:682:6:LEDs_L_C_RGB	120	static
../Core/Src/main.c:713:6:Chara_0	24	static
../Core/Src/main.c:779:6:Chara_1	24	static
../Core/Src/main.c:841:6:Chara_2	24	static
../Core/Src/main.c:903:6:Chara_3	24	static
../Core/Src/main.c:965:6:Chara_4	24	static
../Core/Src/main.c:1027:6:Chara_5	24	static
../Core/Src/main.c:1089:6:Chara_6	24	static
../Core/Src/main.c:1151:6:Chara_7	24	static
../Core/Src/main.c:1213:6:Chara_8	24	static
../Core/Src/main.c:1275:6:Chara_9	24	static
../Core/Src/main.c:1333:6:Clignotement1S	16	static
../Core/Src/main.c:1371:6:Error_Handler	8	static,ignoring_inline_asm
