../Core/Src/main.c:95:5:main	48	static
../Core/Src/main.c:367:6:SystemClock_Config	112	static
../Core/Src/main.c:412:13:MX_ADC_Init	24	static
../Core/Src/main.c:466:13:MX_TIM2_Init	64	static
../Core/Src/main.c:525:13:MX_USART1_UART_Init	8	static
../Core/Src/main.c:558:13:MX_DMA_Init	16	static
../Core/Src/main.c:582:13:MX_GPIO_Init	48	static
../Core/Src/main.c:625:6:HAL_UART_RxCpltCallback	16	static
../Core/Src/main.c:662:6:HAL_UART_ErrorCallback	16	static
../Core/Src/main.c:683:6:LEDs_L_C_RGB	120	static
../Core/Src/main.c:714:6:Chara_0	24	static
../Core/Src/main.c:780:6:Chara_1	24	static
../Core/Src/main.c:842:6:Chara_2	24	static
../Core/Src/main.c:904:6:Chara_3	24	static
../Core/Src/main.c:966:6:Chara_4	24	static
../Core/Src/main.c:1028:6:Chara_5	24	static
../Core/Src/main.c:1090:6:Chara_6	24	static
../Core/Src/main.c:1152:6:Chara_7	24	static
../Core/Src/main.c:1214:6:Chara_8	24	static
../Core/Src/main.c:1276:6:Chara_9	24	static
../Core/Src/main.c:1334:6:Clignotement1S	16	static
../Core/Src/main.c:1372:6:Error_Handler	8	static,ignoring_inline_asm
