../Core/Src/main.c:96:5:main	64	static
../Core/Src/main.c:207:6:SystemClock_Config	112	static
../Core/Src/main.c:252:13:MX_ADC_Init	24	static
../Core/Src/main.c:306:13:MX_TIM2_Init	64	static
../Core/Src/main.c:365:13:MX_USART1_UART_Init	8	static
../Core/Src/main.c:398:13:MX_DMA_Init	16	static
../Core/Src/main.c:419:13:MX_GPIO_Init	48	static
../Core/Src/main.c:462:6:HAL_UART_RxCpltCallback	16	static
../Core/Src/main.c:499:6:HAL_UART_ErrorCallback	16	static
../Core/Src/main.c:520:6:LEDs_L_C_RGB	120	static
../Core/Src/main.c:551:6:Chara_0	24	static
../Core/Src/main.c:617:6:Chara_1	24	static
../Core/Src/main.c:679:6:Chara_2	24	static
../Core/Src/main.c:741:6:Chara_3	24	static
../Core/Src/main.c:803:6:Chara_4	24	static
../Core/Src/main.c:865:6:Chara_5	24	static
../Core/Src/main.c:927:6:Chara_6	24	static
../Core/Src/main.c:989:6:Chara_7	24	static
../Core/Src/main.c:1051:6:Chara_8	24	static
../Core/Src/main.c:1113:6:Chara_9	24	static
../Core/Src/main.c:1171:6:Clignotement1S	16	static
../Core/Src/main.c:1209:6:Error_Handler	8	static,ignoring_inline_asm
