../Core/Src/main.c:95:5:main	64	static
../Core/Src/main.c:371:6:SystemClock_Config	112	static
../Core/Src/main.c:416:13:MX_ADC_Init	24	static
../Core/Src/main.c:470:13:MX_TIM2_Init	64	static
../Core/Src/main.c:529:13:MX_USART1_UART_Init	8	static
../Core/Src/main.c:562:13:MX_DMA_Init	16	static
../Core/Src/main.c:586:13:MX_GPIO_Init	48	static
../Core/Src/main.c:629:6:HAL_UART_RxCpltCallback	16	static
../Core/Src/main.c:666:6:HAL_UART_ErrorCallback	16	static
../Core/Src/main.c:687:6:LEDs_L_C_RGB	120	static
../Core/Src/main.c:718:6:Chara_0	24	static
../Core/Src/main.c:784:6:Chara_1	24	static
../Core/Src/main.c:846:6:Chara_2	24	static
../Core/Src/main.c:908:6:Chara_3	24	static
../Core/Src/main.c:970:6:Chara_4	24	static
../Core/Src/main.c:1032:6:Chara_5	24	static
../Core/Src/main.c:1094:6:Chara_6	24	static
../Core/Src/main.c:1156:6:Chara_7	24	static
../Core/Src/main.c:1218:6:Chara_8	24	static
../Core/Src/main.c:1280:6:Chara_9	24	static
../Core/Src/main.c:1338:6:Clignotement1S	16	static
../Core/Src/main.c:1376:6:Error_Handler	8	static,ignoring_inline_asm
